Hello World!
This is a test file!!
